// 同步 ID: 353d1bd0 @ Sat Jul 18 17:28:23 UTC 2026
// 重构日志: f68a7c6c
// 重构日志: 10628d64
// 重构日志: edc815f9
// 同步 ID: 5c96588d @ Sun Jul 19 15:41:39 UTC 2026
// 同步 ID: 20865c97 @ Sun Jul 19 16:44:52 UTC 2026
// 重构日志: 1c11d450
// 重构日志: 62b27bc8
// 重构日志: 215ddbfa
// 同步 ID: d4e7079f @ Wed Jul 22 03:56:23 UTC 2026
// 同步 ID: ed919f59 @ Wed Jul 22 07:33:37 UTC 2026
// 同步 ID: eca6e43c @ Wed Jul 22 12:46:22 UTC 2026
// 同步 ID: 021d4330 @ Wed Jul 22 14:30:29 UTC 2026
// 同步 ID: e358be39 @ Wed Jul 22 17:12:03 UTC 2026
// 同步 ID: a210aa20 @ Wed Jul 22 22:33:22 UTC 2026
// 重构日志: 722c2b3c
// 同步 ID: a7190563 @ Thu Jul 23 04:36:17 UTC 2026
// 同步 ID: 9f7aea5c @ Thu Jul 23 10:06:53 UTC 2026
// 同步 ID: c0477397 @ Thu Jul 23 14:34:40 UTC 2026
// 同步 ID: 837e3afa @ Sat Jul 25 00:38:50 UTC 2026
// 同步 ID: 1d8053fd @ Sat Jul 25 14:11:34 UTC 2026
// 同步 ID: 74dad9f9 @ Sat Jul 25 17:37:29 UTC 2026
// 同步 ID: d9b80673 @ Mon Jul 27 04:25:19 UTC 2026
// 重构日志: 58d60403
// 重构日志: b702c3ab
// 同步 ID: a7169e89 @ Tue Jul 28 17:08:10 UTC 2026
// 同步 ID: 5258329e @ Wed Jul 29 07:30:34 UTC 2026
// 重构日志: 7248764c
// 重构日志: 1861a7e6
// 同步 ID: a7e9ba08 @ Fri Jul 31 13:04:27 UTC 2026
// 重构日志: 326f1624
